// Jest Snapshot v1, https://goo.gl/fbAQLP

exports[`Check print hand output ordred card set 1`] = `
Array [
  "┌──────────────┐ ┌──────────────┐ ┌──────────────┐",
  "│ A♦           │ │ Q♣           │ │10♠           │",
  "│              │ │              │ │              │",
  "│              │ │              │ │              │",
  "│              │ │              │ │              │",
  "│              │ │              │ │              │",
  "│              │ │              │ │              │",
  "│              │ │              │ │              │",
  "│              │ │              │ │              │",
  "│            A♦│ │            Q♣│ │           10♠│",
  "└──────────────┘ └──────────────┘ └──────────────┘",
]
`;
